homelab on  feat/cilium [!?]
❯ kubectl logs -n kube-system -l io.cilium.k8s-app=cilium-operator-6b556c5478-6fqbk
Alias tip: k logs -n kube-system -l io.cilium.k8s-app=cilium-operator-6b556c5478-6fqbk
No resources found in kube-system namespace.

homelab on  feat/cilium [!?]
❮ helm upgrade --install cilium cilium/cilium --version 1.19.2 \
  --namespace kube-system \
  --set k8sServiceHost=192.168.100.239 \
  --set k8sServicePort=6443 \
  --set ipam.operator.clusterPoolIPv4PodCIDRList="{10.42.0.0/16}" \
  --set routingMode=tunnel \
  --set kubeProxyReplacement=true \
  --set operator.replicas=1 \
  --set devices=eth0
Release "cilium" has been upgraded. Happy Helming!
NAME: cilium
LAST DEPLOYED: Wed Mar 25 17:42:44 2026
NAMESPACE: kube-system
STATUS: deployed
REVISION: 3
TEST SUITE: None
NOTES:
You have successfully installed Cilium with Hubble.

Your release version is 1.19.2.

For any further help, visit https://docs.cilium.io/en/v1.19/gettinghelp

homelab on  feat/cilium [!?] took 2s
❯ cilium bpf lb list
unknown command "bpf" for "cilium"

Did you mean this?
        bgp


homelab on  feat/cilium [!?]
❯ cilium bgp lb list
Access to BGP control plane

Usage:
  cilium bgp [command]

Available Commands:
  peers       Lists BGP peering state
  routes      Lists BGP routes

Flags:
  -h, --help   help for bgp

Global Flags:
      --as string                  Username to impersonate for the operation. User could be a regular user or a service account in a namespace.
      --as-group stringArray       Group to impersonate for the operation, this flag can be repeated to specify multiple groups.
      --context string             Kubernetes configuration context
      --helm-release-name string   Helm release name (default "cilium")
      --kubeconfig string          Path to the kubeconfig file
  -n, --namespace string           Namespace Cilium is running in. Can also be set via CILIUM_NAMESPACE env var (default "kube-system")

Use "cilium bgp [command] --help" for more information about a command.

homelab on  feat/cilium [!?]
❯ k get pods -A
NAMESPACE     NAME                                      READY   STATUS      RESTARTS      AGE
kube-system   cilium-envoy-f62pm                        1/1     Running     0             33s
kube-system   cilium-nrqxb                              1/1     Running     0             32s
kube-system   cilium-operator-77d7b89c5d-7rfzj          1/1     Running     0             33s
kube-system   coredns-695cbbfcb9-8kwxm                  1/1     Running     2 (22m ago)   140m
kube-system   helm-install-traefik-799zj                0/1     Completed   1             140m
kube-system   helm-install-traefik-crd-85w4r            0/1     Completed   0             140m
kube-system   local-path-provisioner-546dfc6456-9nhjk   1/1     Running     2 (22m ago)   140m
kube-system   metrics-server-c8774f4f4-bp25b            1/1     Running     2 (22m ago)   140m
kube-system   svclb-traefik-41f7a8fc-7bqnk              2/2     Running     4 (22m ago)   137m
kube-system   traefik-788bc4688c-sd72m                  1/1     Running     2 (22m ago)   137m

homelab on  feat/cilium [!?]
❯ cilium status --wait
    /¯¯\
 /¯¯\__/¯¯\    Cilium:             OK
 \__/¯¯\__/    Operator:           OK
 /¯¯\__/¯¯\    Envoy DaemonSet:    OK
 \__/¯¯\__/    Hubble Relay:       disabled
    \__/       ClusterMesh:        disabled

DaemonSet              cilium                   Desired: 1, Ready: 1/1, Available: 1/1
DaemonSet              cilium-envoy             Desired: 1, Ready: 1/1, Available: 1/1
Deployment             cilium-operator          Desired: 1, Ready: 1/1, Available: 1/1
Containers:            cilium                   Running: 1
                       cilium-envoy             Running: 1
                       cilium-operator          Running: 1
                       clustermesh-apiserver
                       hubble-relay
Cluster Pods:          5/5 managed by Cilium
Helm chart version:    1.19.2
Image versions         cilium             quay.io/cilium/cilium:v1.19.2@sha256:7bc7e0be845cae0a70241e622cd03c3b169001c9383dd84329c59ca86a8b1341: 1
                       cilium-envoy       quay.io/cilium/cilium-envoy:v1.35.9-1773656288-7b052e66eb2cfc5ac130ce0a5be66202a10d83be@sha256:60031f39669542b21aedf05a3317d14e8d3ea48255790af039b315a1c9637361: 1
                       cilium-operator    quay.io/cilium/operator-generic:v1.19.2@sha256:e363f4f634c2a66a36e01618734ea17e7b541b949b9a5632f9c180ab16de23f0: 1

homelab on  feat/cilium [!?]
❯ ping -c 3 google.com
^C

